// Jest Snapshot v1, https://goo.gl/fbAQLP

exports[`ColorPickerView renders correctly 1`] = `
<View
  style={
    Object {
      "backgroundColor": "#121212",
      "flex": 1,
      "padding": 45,
    }
  }
>
  <Text
    style={
      Object {
        "color": "white",
      }
    }
  >
    React Native Color Picker - Controlled
  </Text>
  <View
    style={
      Object {
        "flex": 1,
      }
    }
  >
    <View
      onLayout={[Function]}
      style={
        Object {
          "alignItems": "center",
          "flex": 1,
          "justifyContent": "center",
        }
      }
    />
    <View
      style={
        Array [
          Object {
            "flexDirection": "row",
          },
          Object {
            "height": 0,
          },
        ]
      }
    >
      <View
        accessible={true}
        collapsable={false}
        focusable={true}
        onClick={[Function]}
        onResponderGrant={[Function]}
        onResponderMove={[Function]}
        onResponderRelease={[Function]}
        onResponderTerminate={[Function]}
        onResponderTerminationRequest={[Function]}
        onStartShouldSetResponder={[Function]}
        style={
          Object {
            "backgroundColor": "black",
            "flex": 1,
            "opacity": 1,
          }
        }
      />
      <View
        accessible={true}
        collapsable={false}
        focusable={true}
        onClick={[Function]}
        onResponderGrant={[Function]}
        onResponderMove={[Function]}
        onResponderRelease={[Function]}
        onResponderTerminate={[Function]}
        onResponderTerminationRequest={[Function]}
        onStartShouldSetResponder={[Function]}
        style={
          Object {
            "backgroundColor": "#008000",
            "flex": 1,
            "opacity": 1,
          }
        }
      />
    </View>
  </View>
</View>
`;

exports[`MainView renders correctly 1`] = `
<View>
  <Text
    style={
      Object {
        "alignItems": "center",
        "color": "black",
        "flex": 1,
        "justifyContent": "center",
        "marginLeft": "40%",
        "marginTop": "50%",
      }
    }
  >
    Style Guide
  </Text>
</View>
`;
